BL51 BANKED LINKER/LOCATER V6.22.2.0                                                    01/20/2022  17:48:15  PAGE 1


BL51 BANKED LINKER/LOCATER V6.22.2.0, INVOKED BY:
D:\KEIL5\C51\BIN\BL51.EXE .\Objects\main.obj, .\Objects\mystring.obj, .\Objects\Adc.obj, .\Objects\Eeprom.obj, .\Objects
>> \WIFI.obj, .\Objects\Fingerprint.obj, .\Objects\Uart.obj, .\Objects\System.obj, .\Objects\ST7789V.obj, .\Objects\SPI.
>> obj, .\Objects\GUI.obj, .\Objects\Time.obj TO .\Objects\Ð¬¹ñÖ÷¿Ø PRINT (.\Listings\Ð¬¹ñÖ÷¿Ø.m51)


MEMORY MODEL: COMPACT


INPUT MODULES INCLUDED:
  .\Objects\main.obj (MAIN)
  .\Objects\mystring.obj (MYSTRING)
  .\Objects\Adc.obj (ADC)
  .\Objects\Eeprom.obj (EEPROM)
  .\Objects\WIFI.obj (WIFI)
  .\Objects\Fingerprint.obj (FINGERPRINT)
  .\Objects\Uart.obj (UART)
  .\Objects\System.obj (SYSTEM)
  .\Objects\ST7789V.obj (ST7789V)
  .\Objects\SPI.obj (SPI)
  .\Objects\GUI.obj (GUI)
  .\Objects\Time.obj (TIME)
  D:\KEIL5\C51\LIB\C51C.LIB (?C_STARTUP)
  D:\KEIL5\C51\LIB\C51C.LIB (?C?CLDPTR)
  D:\KEIL5\C51\LIB\C51C.LIB (?C?CLDOPTR)
  D:\KEIL5\C51\LIB\C51C.LIB (?C?CLDIOPTR)
  D:\KEIL5\C51\LIB\C51C.LIB (?C?CSTPTR)
  D:\KEIL5\C51\LIB\C51C.LIB (?C?CSTOPTR)
  D:\KEIL5\C51\LIB\C51C.LIB (?C?IMUL)
  D:\KEIL5\C51\LIB\C51C.LIB (?C?ILDOPTR)
  D:\KEIL5\C51\LIB\C51C.LIB (?C?IILDOPTR)
  D:\KEIL5\C51\LIB\C51C.LIB (?C?ISTOPTR)
  D:\KEIL5\C51\LIB\C51C.LIB (?C?ULDIV)
  D:\KEIL5\C51\LIB\C51C.LIB (?C?LSTOPTR)
  D:\KEIL5\C51\LIB\C51C.LIB (?C?LLDOPTR0)
  D:\KEIL5\C51\LIB\C51C.LIB (?C?LSTKPDATA)
  D:\KEIL5\C51\LIB\C51C.LIB (?C?OFFXADD)
  D:\KEIL5\C51\LIB\C51C.LIB (?C?PLDPTR)
  D:\KEIL5\C51\LIB\C51C.LIB (?C?PLDOPTR)
  D:\KEIL5\C51\LIB\C51C.LIB (?C?PSTOPTR)
  D:\KEIL5\C51\LIB\C51C.LIB (?C?ICALL)
  D:\KEIL5\C51\LIB\C51C.LIB (?C_PBP)
  D:\KEIL5\C51\LIB\C51C.LIB (?C_INIT)
  D:\KEIL5\C51\LIB\C51C.LIB (?C?IILDX)
  D:\KEIL5\C51\LIB\C51C.LIB (?C?LLDIDATA0)
  D:\KEIL5\C51\LIB\C51C.LIB (?C?LLDXDATA0)
  D:\KEIL5\C51\LIB\C51C.LIB (?C?LLDPDATA0)
  D:\KEIL5\C51\LIB\C51C.LIB (?C?LLDCODE0)
  D:\KEIL5\C51\LIB\C51C.LIB (?C?LSTIDATA)
  D:\KEIL5\C51\LIB\C51C.LIB (?C?LSTXDATA)
  D:\KEIL5\C51\LIB\C51C.LIB (?C?LSTPDATA)
  D:\KEIL5\C51\LIB\C51C.LIB (?C?PLDIDATA)
  D:\KEIL5\C51\LIB\C51C.LIB (?C?PSTIDATA)
  D:\KEIL5\C51\LIB\C51C.LIB (?C?PLDXDATA)
  D:\KEIL5\C51\LIB\C51C.LIB (?C?PSTXDATA)
  D:\KEIL5\C51\LIB\C51C.LIB (?C?PLDPDATA)
  D:\KEIL5\C51\LIB\C51C.LIB (?C?PSTPDATA)
  D:\KEIL5\C51\LIB\C51C.LIB (?C?PLDCODE)
BL51 BANKED LINKER/LOCATER V6.22.2.0                                                  01/20/2022  17:48:15  PAGE 2




LINK MAP OF MODULE:  .\Objects\Ð¬¹ñÖ÷¿Ø (MAIN)


            TYPE    BASE      LENGTH    RELOCATION   SEGMENT NAME
            -----------------------------------------------------

            * * * * * * *   D A T A   M E M O R Y   * * * * * * *
            REG     0000H     0008H     ABSOLUTE     "REG BANK 0"
            DATA    0008H     0001H     UNIT         ?C?LIB_DATA
            IDATA   0009H     0001H     UNIT         ?STACK

            * * * * * * *  X D A T A   M E M O R Y  * * * * * * *
            XDATA   0000H     0007H     INPAGE       ?PD?_NUMBERSCOPY?MYSTRING
            XDATA   0007H     0004H     INPAGE       ?PD?_FINGERUART?FINGERPRINT
            XDATA   000BH     0003H     INPAGE       ?PD?_FINGERINSTRUCTION?FINGERPRINT
            XDATA   000EH     0047H     INPAGE       ?PD?FINGERPRINT
            XDATA   0055H     0002H     INPAGE       ?PD?_LCD_WRITE_WORD?ST7789V
            XDATA   0057H     0008H     INPAGE       ?PD?_LCD_ADDR_SET?ST7789V
            XDATA   005FH     0005H     INPAGE       ?PD?_SPIWRITE?SPI
            XDATA   0064H     000AH     INPAGE       ?PD?_GUI_FILL?GUI
            XDATA   006EH     0004H     INPAGE       ?PD?_GUI_DRAWPOINT?GUI
            XDATA   0072H     000AH     INPAGE       ?PD?_GUI_DRAWLINE?GUI
            XDATA   007CH     000AH     INPAGE       ?PD?_GUI_DRAWRECTANGLE?GUI
            XDATA   0086H     0007H     INPAGE       ?PD?_GUI_DRAWCIRCLE?GUI
            XDATA   008DH     000DH     INPAGE       ?PD?_GUI_SHOWCHINESE?GUI
            XDATA   009AH     000DH     INPAGE       ?PD?_GUI_SHOWCHINESE12X12?GUI
            XDATA   00A7H     000DH     INPAGE       ?PD?_GUI_SHOWCHINESE16X16?GUI
            XDATA   00B4H     000DH     INPAGE       ?PD?_GUI_SHOWCHINESE24X24?GUI
            XDATA   00C1H     000DH     INPAGE       ?PD?_GUI_SHOWCHINESE32X32?GUI
            XDATA   00CEH     000BH     INPAGE       ?PD?_GUI_SHOWCHAR?GUI
            XDATA   00D9H     000DH     INPAGE       ?PD?_GUI_SHOWSTRING?GUI
            XDATA   00E6H     000BH     INPAGE       _PDATA_GROUP_
            XDATA   00F1H     00B4H     UNIT         ?XD?UART
            XDATA   01A5H     0020H     UNIT         ?XD?FINGERPRINT
            XDATA   01C5H     0015H     UNIT         ?XD?ST7789V
            XDATA   01DAH     0014H     UNIT         ?XD?_GUI_DRAWLINE?GUI
            XDATA   01EEH     000BH     UNIT         ?XD?_GUI_SHOWCHINESE12X12?GUI
            XDATA   01F9H     000BH     UNIT         ?XD?_GUI_SHOWCHINESE16X16?GUI
            XDATA   0204H     000BH     UNIT         ?XD?_GUI_SHOWCHINESE24X24?GUI
            XDATA   020FH     000BH     UNIT         ?XD?_GUI_SHOWCHINESE32X32?GUI
            XDATA   021AH     000AH     UNIT         ?XD?_GUI_SHOWCHAR?GUI
            XDATA   0224H     0008H     UNIT         ?XD?FINGERREGISTERED?FINGERPRINT
            XDATA   022CH     0004H     UNIT         ?XD?_GUI_FILL?GUI
            XDATA   0230H     0004H     UNIT         ?XD?_GUI_DRAWCIRCLE?GUI
            XDATA   0234H     0004H     UNIT         ?XD?TIME
            XDATA   0238H     0002H     UNIT         ?XD?DELAY1MS?ST7789V
            XDATA   023AH     0002H     UNIT         _XDATA_GROUP_

            * * * * * * *   C O D E   M E M O R Y   * * * * * * *
            CODE    0000H     0003H     ABSOLUTE     
            CODE    0003H     0008H     UNIT         ?PR?_LCD_WRITE_CMD?ST7789V
            CODE    000BH     0003H     ABSOLUTE     
            CODE    000EH     0015H     UNIT         ?PR?TIMEINIT?TIME
            CODE    0023H     0003H     ABSOLUTE     
            CODE    0026H     006AH     UNIT         ?PR?UARTREAD1?UART
BL51 BANKED LINKER/LOCATER V6.22.2.0                                                  01/20/2022  17:48:15  PAGE 3


                    0090H     0003H                  *** GAP ***
            CODE    0093H     0003H     ABSOLUTE     
            CODE    0096H     391CH     UNIT         ?CO?GUI
            CODE    39B2H     041DH     UNIT         ?C?LIB_CODE
            CODE    3DCFH     0265H     UNIT         ?PR?_GUI_SHOWCHINESE24X24?GUI
            CODE    4034H     0265H     UNIT         ?PR?_GUI_SHOWCHINESE32X32?GUI
            CODE    4299H     0261H     UNIT         ?PR?_GUI_SHOWCHINESE12X12?GUI
            CODE    44FAH     0261H     UNIT         ?PR?_GUI_SHOWCHINESE16X16?GUI
            CODE    475BH     0236H     UNIT         ?PR?_GUI_SHOWCHAR?GUI
            CODE    4991H     0204H     UNIT         ?PR?_GUI_DRAWLINE?GUI
            CODE    4B95H     0180H     UNIT         ?PR?LCD_INIT?ST7789V
            CODE    4D15H     0172H     UNIT         ?PR?_GUI_DRAWCIRCLE?GUI
            CODE    4E87H     015DH     UNIT         ?PR?_GUI_SHOWCHINESE?GUI
            CODE    4FE4H     012AH     UNIT         ?CO?FINGERPRINT
            CODE    510EH     00ECH     UNIT         ?PR?_UARTSTRUCTINIT?UART
            CODE    51FAH     00BEH     UNIT         ?PR?_UARTINIT?UART
            CODE    52B8H     00ACH     UNIT         ?PR?_SPIWRITE?SPI
            CODE    5364H     00A4H     UNIT         ?PR?TIME0?TIME
            CODE    5408H     009AH     UNIT         ?PR?_GUI_FILL?GUI
            CODE    54A2H     0096H     UNIT         ?PR?MAIN?MAIN
            CODE    5538H     008CH     UNIT         ?C_C51STARTUP
            CODE    55C4H     0084H     UNIT         ?PR?_GUI_SHOWSTRING?GUI
            CODE    5648H     0083H     UNIT         ?PR?_GUI_DRAWRECTANGLE?GUI
            CODE    56CBH     0082H     UNIT         ?PR?FINGERREGISTERED?FINGERPRINT
            CODE    574DH     0077H     UNIT         ?PR?_?UARTWRITEBUFFE?UART
            CODE    57C4H     0068H     UNIT         ?PR?UARTREAD4?UART
            CODE    582CH     0063H     UNIT         ?C_INITSEG
            CODE    588FH     005EH     UNIT         ?PR?_FINGERUART?FINGERPRINT
            CODE    58EDH     0049H     UNIT         ?PR?_?UARTWRITESTRING?UART
            CODE    5936H     0049H     UNIT         ?PR?_GUI_DRAWPOINT?GUI
            CODE    597FH     003FH     UNIT         ?PR?_NUMBERSCOPY?MYSTRING
            CODE    59BEH     003AH     UNIT         ?PR?_UARTREADTIME?UART
            CODE    59F8H     0039H     UNIT         ?PR?LCDSPIINIT?ST7789V
            CODE    5A31H     0036H     UNIT         ?PR?_LCD_ADDR_SET?ST7789V
            CODE    5A67H     0035H     UNIT         ?PR?_UARTWRITECHAR?UART
            CODE    5A9CH     0032H     UNIT         ?PR?_FINGERINSTRUCTION?FINGERPRINT
            CODE    5ACEH     002FH     UNIT         ?PR?_UARTREAD?UART
            CODE    5AFDH     0020H     UNIT         ?PR?DELAY1MS?ST7789V
            CODE    5B1DH     001BH     UNIT         ?PR?_LCD_WRITE_DATA?ST7789V
            CODE    5B38H     0016H     UNIT         ?PR?IOINIT?MAIN
            CODE    5B4EH     0016H     UNIT         ?PR?_LCD_WRITE_WORD?ST7789V
            CODE    5B64H     0014H     UNIT         ?PR?_FINGERERROR?FINGERPRINT
            CODE    5B78H     0006H     UNIT         ?PR?_FINGERPOWER?FINGERPRINT
            CODE    5B7EH     0006H     UNIT         ?PR?_LCD_CS?ST7789V
            CODE    5B84H     0006H     UNIT         ?PR?_LCD_MOSI?ST7789V
            CODE    5B8AH     0006H     UNIT         ?PR?_LCD_SCLK?ST7789V
            CODE    5B90H     0006H     UNIT         ?PR?_LCD_BACK?ST7789V
            CODE    5B96H     0006H     UNIT         ?PR?_LCD_POWER?ST7789V
            CODE    5B9CH     0006H     UNIT         ?PR?_LCD_RES?ST7789V



OVERLAY MAP OF MODULE:   .\Objects\Ð¬¹ñÖ÷¿Ø (MAIN)


SEGMENT                                      PDATA_GROUP         XDATA_GROUP
  +--> CALLED SEGMENT                      START    LENGTH     START    LENGTH
BL51 BANKED LINKER/LOCATER V6.22.2.0                                                  01/20/2022  17:48:15  PAGE 4


------------------------------------------------------------------------------
?C_C51STARTUP                              -----    -----      -----    -----
  +--> ?PR?MAIN?MAIN
  +--> ?C_INITSEG

?PR?MAIN?MAIN                              -----    -----      -----    -----
  +--> ?PR?IOINIT?MAIN
  +--> ?PR?_UARTSTRUCTINIT?UART
  +--> ?PR?TIMEINIT?TIME

?PR?_UARTSTRUCTINIT?UART                   00E6H    0008H      -----    -----
  +--> ?PR?_UARTREAD?UART
  +--> ?PR?_?UARTWRITESTRING?UART
  +--> ?PR?_UARTWRITECHAR?UART
  +--> ?PR?_?UARTWRITEBUFFE?UART
  +--> ?PR?_UARTREADTIME?UART
  +--> ?PR?_UARTINIT?UART

?PR?_?UARTWRITESTRING?UART                 -----    -----      -----    -----
  +--> ?PR?_UARTWRITECHAR?UART

?PR?_?UARTWRITEBUFFE?UART                  -----    -----      -----    -----
  +--> ?PR?_UARTWRITECHAR?UART

?PR?_UARTINIT?UART                         00EEH    0003H      023AH    0002H

?C_INITSEG                                 -----    -----      -----    -----
  +--> ?CO?FINGERPRINT
  +--> ?PR?_LCD_BACK?ST7789V
  +--> ?PR?_LCD_POWER?ST7789V
  +--> ?PR?_LCD_RES?ST7789V



SYMBOL TABLE OF MODULE:  .\Objects\Ð¬¹ñÖ÷¿Ø (MAIN)

  VALUE           TYPE          NAME
  ----------------------------------

  -------         MODULE        MAIN
  C:0000H         SYMBOL        _ICE_DUMMY_
  D:0093H         PUBLIC        P0M1
  D:0092H         PUBLIC        P1M0
  D:0096H         PUBLIC        P2M0
  D:0091H         PUBLIC        P1M1
  D:0080H         PUBLIC        P0
  D:00B2H         PUBLIC        P3M0
  D:0095H         PUBLIC        P2M1
  D:0090H         PUBLIC        P1
  D:00B1H         PUBLIC        P3M1
  D:00A0H         PUBLIC        P2
  D:00CAH         PUBLIC        P5M0
  D:00B0H         PUBLIC        P3
  D:00C9H         PUBLIC        P5M1
  D:00C0H         PUBLIC        P4
  D:00C8H         PUBLIC        P5
  D:00A8H         PUBLIC        IE
BL51 BANKED LINKER/LOCATER V6.22.2.0                                                  01/20/2022  17:48:15  PAGE 5


  D:00B8H         PUBLIC        IP
  C:54A2H         PUBLIC        main
  D:0098H         PUBLIC        SCON
  D:0088H         PUBLIC        TCON
  C:5B38H         PUBLIC        IoInit
  D:00D0H         PUBLIC        PSW
  D:0094H         PUBLIC        P0M0
  -------         PROC          MAIN
  C:54A2H         LINE#         10
  C:54A2H         LINE#         11
  C:54A2H         LINE#         13
  C:54A5H         LINE#         14
  C:54B9H         LINE#         16
  C:54CDH         LINE#         17
  C:54D0H         LINE#         18
  C:54E2H         LINE#         19
  C:54F4H         LINE#         20
  C:54F4H         LINE#         21
  C:54F4H         LINE#         22
  C:54FAH         LINE#         23
  C:54FAH         LINE#         24
  C:54FCH         LINE#         25
  C:550BH         LINE#         26
  C:5525H         LINE#         28
  C:552AH         LINE#         29
  C:552AH         LINE#         30
  C:5530H         LINE#         31
  C:5530H         LINE#         32
  C:5532H         LINE#         34
  C:5536H         LINE#         35
  C:5536H         LINE#         36
  -------         ENDPROC       MAIN
  -------         PROC          IOINIT
  C:5B38H         LINE#         39
  C:5B38H         LINE#         40
  C:5B38H         LINE#         41
  C:5B3BH         LINE#         42
  C:5B3DH         LINE#         43
  C:5B3FH         LINE#         44
  C:5B41H         LINE#         45
  C:5B43H         LINE#         46
  C:5B45H         LINE#         47
  C:5B47H         LINE#         48
  C:5B49H         LINE#         49
  C:5B4BH         LINE#         50
  C:5B4DH         LINE#         51
  -------         ENDPROC       IOINIT
  -------         ENDMOD        MAIN

  -------         MODULE        MYSTRING
  C:0000H         SYMBOL        _ICE_DUMMY_
  D:0080H         PUBLIC        P0
  D:0090H         PUBLIC        P1
  D:00A0H         PUBLIC        P2
  D:00B0H         PUBLIC        P3
  D:00C0H         PUBLIC        P4
  D:00C8H         PUBLIC        P5
BL51 BANKED LINKER/LOCATER V6.22.2.0                                                  01/20/2022  17:48:15  PAGE 6


  D:00A8H         PUBLIC        IE
  D:00B8H         PUBLIC        IP
  D:0098H         PUBLIC        SCON
  D:0088H         PUBLIC        TCON
  C:597FH         PUBLIC        _numberscopy
  D:00D0H         PUBLIC        PSW
  -------         PROC          _NUMBERSCOPY
  X:0000H         SYMBOL        s1
  X:0003H         SYMBOL        s2
  X:0006H         SYMBOL        num
  -------         DO            
  D:0007H         SYMBOL        i
  -------         ENDDO         
  C:597FH         LINE#         3
  C:5989H         LINE#         4
  C:5989H         LINE#         6
  C:5994H         LINE#         7
  C:5994H         LINE#         8
  C:59BAH         LINE#         9
  C:59BDH         LINE#         10
  -------         ENDPROC       _NUMBERSCOPY
  -------         ENDMOD        MYSTRING

  -------         MODULE        ADC
  C:0000H         SYMBOL        _ICE_DUMMY_
  D:0080H         PUBLIC        P0
  D:0090H         PUBLIC        P1
  D:00A0H         PUBLIC        P2
  D:00B0H         PUBLIC        P3
  D:00C0H         PUBLIC        P4
  D:00C8H         PUBLIC        P5
  D:00A8H         PUBLIC        IE
  D:00B8H         PUBLIC        IP
  D:0098H         PUBLIC        SCON
  D:0088H         PUBLIC        TCON
  D:00D0H         PUBLIC        PSW
  -------         ENDMOD        ADC

  -------         MODULE        EEPROM
  C:0000H         SYMBOL        _ICE_DUMMY_
  D:0080H         PUBLIC        P0
  D:0090H         PUBLIC        P1
  D:00A0H         PUBLIC        P2
  D:00B0H         PUBLIC        P3
  D:00C0H         PUBLIC        P4
  D:00C8H         PUBLIC        P5
  D:00A8H         PUBLIC        IE
  D:00B8H         PUBLIC        IP
  D:0098H         PUBLIC        SCON
  D:0088H         PUBLIC        TCON
  D:00D0H         PUBLIC        PSW
  -------         ENDMOD        EEPROM

  -------         MODULE        WIFI
  C:0000H         SYMBOL        _ICE_DUMMY_
  D:0080H         PUBLIC        P0
  D:0090H         PUBLIC        P1
BL51 BANKED LINKER/LOCATER V6.22.2.0                                                  01/20/2022  17:48:15  PAGE 7


  D:00A0H         PUBLIC        P2
  D:00B0H         PUBLIC        P3
  D:00C0H         PUBLIC        P4
  D:00C8H         PUBLIC        P5
  D:00A8H         PUBLIC        IE
  D:00B8H         PUBLIC        IP
  D:0098H         PUBLIC        SCON
  D:0088H         PUBLIC        TCON
  D:00D0H         PUBLIC        PSW
  -------         ENDMOD        WIFI

  -------         MODULE        FINGERPRINT
  C:0000H         SYMBOL        _ICE_DUMMY_
  C:50E0H         PUBLIC        fingerprintPairing
  D:0080H         PUBLIC        P0
  C:5109H         PUBLIC        fingerprintIdentity
  D:0090H         PUBLIC        P1
  D:00A0H         PUBLIC        P2
  D:00B0H         PUBLIC        P3
  D:00C0H         PUBLIC        P4
  D:00C8H         PUBLIC        P5
  C:50F5H         PUBLIC        fingerprintDelete
  C:5A9CH         PUBLIC        _FingerInstruction
  C:5B64H         PUBLIC        _fingerError
  D:00A8H         PUBLIC        IE
  X:01A5H         PUBLIC        Finger1
  C:5B78H         PUBLIC        _fingerPower
  C:5101H         PUBLIC        fingerprintCheck
  C:56CBH         PUBLIC        fingerRegistered
  D:00B8H         PUBLIC        IP
  C:50F1H         PUBLIC        fingerprintNumber
  C:50E9H         PUBLIC        fingerprintRemove
  C:50D0H         PUBLIC        fingerprintHead
  C:50D2H         PUBLIC        fingerprintAddr
  B:00C0H.4       PUBLIC        fingerpower
  D:0098H         PUBLIC        SCON
  D:0088H         PUBLIC        TCON
  X:000EH         PUBLIC        uart
  X:0011H         PUBLIC        FringeErrors
  C:50D6H         PUBLIC        fingerprintSum
  C:50FDH         PUBLIC        fingerprintDormancy
  C:5105H         PUBLIC        fingerprintDocking
  C:50F9H         PUBLIC        fingerprintCancel
  D:00D0H         PUBLIC        PSW
  C:50D8H         PUBLIC        fingerprintRegister
  C:588FH         PUBLIC        _FingerUart
  -------         PROC          _FINGERPOWER
  D:0007H         SYMBOL        power
  C:5B78H         LINE#         7
  C:5B78H         LINE#         8
  C:5B78H         LINE#         9
  C:5B7DH         LINE#         10
  -------         ENDPROC       _FINGERPOWER
  -------         PROC          _FINGERUART
  X:0007H         SYMBOL        num
  -------         DO            
  X:000AH         SYMBOL        i
BL51 BANKED LINKER/LOCATER V6.22.2.0                                                  01/20/2022  17:48:15  PAGE 8


  -------         ENDDO         
  C:588FH         LINE#         12
  C:5899H         LINE#         13
  C:5899H         LINE#         15
  C:58A5H         LINE#         16
  C:58A5H         LINE#         17
  C:58E5H         LINE#         18
  C:58ECH         LINE#         19
  -------         ENDPROC       _FINGERUART
  -------         PROC          _FINGERINSTRUCTION
  X:000BH         SYMBOL        nums
  C:5A9CH         LINE#         21
  C:5AA6H         LINE#         22
  C:5AA6H         LINE#         23
  C:5AAFH         LINE#         24
  C:5AB8H         LINE#         25
  C:5AC5H         LINE#         26
  -------         ENDPROC       _FINGERINSTRUCTION
  -------         PROC          _FINGERERROR
  D:0007H         SYMBOL        errors
  -------         DO            
  D:0006H         SYMBOL        i
  -------         ENDDO         
  C:5B64H         LINE#         29
  C:5B64H         LINE#         30
  C:5B64H         LINE#         32
  C:5B66H         LINE#         33
  C:5B66H         LINE#         34
  C:5B72H         LINE#         35
  C:5B72H         LINE#         38
  C:5B72H         LINE#         39
  C:5B77H         LINE#         41
  -------         ENDPROC       _FINGERERROR
  -------         PROC          FINGERREGISTERED
  -------         DO            
  X:0224H         SYMBOL        num
  -------         ENDDO         
  C:56CBH         LINE#         43
  C:56CBH         LINE#         44
  C:56CBH         LINE#         46
  C:56D5H         LINE#         47
  C:56D5H         LINE#         48
  C:56D5H         LINE#         49
  C:56EFH         LINE#         50
  C:56F7H         LINE#         51
  C:5700H         LINE#         52
  C:5706H         LINE#         53
  C:5708H         LINE#         54
  C:5708H         LINE#         55
  C:571CH         LINE#         56
  C:571CH         LINE#         57
  C:5724H         LINE#         58
  C:5724H         LINE#         59
  C:572BH         LINE#         60
  C:5734H         LINE#         62
  C:5734H         LINE#         63
  C:5736H         LINE#         64
BL51 BANKED LINKER/LOCATER V6.22.2.0                                                  01/20/2022  17:48:15  PAGE 9


  C:573FH         LINE#         65
  C:5747H         LINE#         67
  C:574AH         LINE#         69
  C:574AH         LINE#         70
  C:574AH         LINE#         74
  C:574AH         LINE#         75
  C:574AH         LINE#         76
  C:574CH         LINE#         77
  -------         ENDPROC       FINGERREGISTERED
  -------         ENDMOD        FINGERPRINT

  -------         MODULE        UART
  C:0000H         SYMBOL        _ICE_DUMMY_
  D:0080H         PUBLIC        P0
  D:0090H         PUBLIC        P1
  D:00A0H         PUBLIC        P2
  D:00B0H         PUBLIC        P3
  D:00C0H         PUBLIC        P4
  D:00C8H         PUBLIC        P5
  B:00A8H.7       PUBLIC        EA
  D:00A8H         PUBLIC        IE
  B:00A8H.4       PUBLIC        ES
  D:00B8H         PUBLIC        IP
  B:0098H.0       PUBLIC        RI
  B:0098H.1       PUBLIC        TI
  D:0099H         PUBLIC        SBUF
  D:0098H         PUBLIC        SCON
  C:51FAH         PUBLIC        _UartInit
  D:0089H         PUBLIC        TMOD
  D:0088H         PUBLIC        TCON
  C:574DH         PUBLIC        _?uartWriteBuffe
  C:5ACEH         PUBLIC        _uartRead
  C:510EH         PUBLIC        _UartStructInit
  D:00AFH         PUBLIC        IE2
  D:008EH         PUBLIC        AUXR
  C:58EDH         PUBLIC        _?uartWriteString
  B:00A8H.1       PUBLIC        ET0
  B:00A8H.3       PUBLIC        ET1
  D:008DH         PUBLIC        TH1
  C:0026H         PUBLIC        UartRead1
  C:5A67H         PUBLIC        _uartWriteChar
  D:00D6H         PUBLIC        T2H
  C:59BEH         PUBLIC        _uartReadTime
  D:00D4H         PUBLIC        T3H
  D:00D2H         PUBLIC        T4H
  C:57C4H         PUBLIC        UartRead4
  D:008BH         PUBLIC        TL1
  D:00D7H         PUBLIC        T2L
  D:00D5H         PUBLIC        T3L
  D:00D3H         PUBLIC        T4L
  B:0088H.4       PUBLIC        TR0
  B:0088H.6       PUBLIC        TR1
  D:00D1H         PUBLIC        T4T3M
  D:009BH         PUBLIC        S2BUF
  D:00ADH         PUBLIC        S3BUF
  D:0085H         PUBLIC        S4BUF
  D:009AH         PUBLIC        S2CON
BL51 BANKED LINKER/LOCATER V6.22.2.0                                                  01/20/2022  17:48:15  PAGE 10


  D:00ACH         PUBLIC        S3CON
  D:0084H         PUBLIC        S4CON
  X:00F1H         PUBLIC        uart1
  X:014BH         PUBLIC        uart4
  D:00D0H         PUBLIC        PSW
  -------         PROC          _UARTSTRUCTINIT
  X:00E6H         SYMBOL        uart
  D:0005H         SYMBOL        uartId
  X:00EAH         SYMBOL        boad
  C:510EH         LINE#         12
  C:5118H         LINE#         13
  C:5118H         LINE#         14
  C:5126H         LINE#         15
  C:5137H         LINE#         16
  C:513EH         LINE#         17
  C:5145H         LINE#         18
  C:514EH         LINE#         19
  C:5161H         LINE#         20
  C:517DH         LINE#         21
  C:5199H         LINE#         22
  C:51B5H         LINE#         23
  C:51D1H         LINE#         24
  C:51EDH         LINE#         25
  -------         ENDPROC       _UARTSTRUCTINIT
  -------         PROC          _UARTINIT
  X:00EEH         SYMBOL        uart
  -------         DO            
  X:023AH         SYMBOL        BRT
  -------         ENDDO         
  C:51FAH         LINE#         32
  C:5204H         LINE#         33
  C:5204H         LINE#         35
  C:522BH         LINE#         36
  C:5246H         LINE#         37
  C:5246H         LINE#         38
  C:5246H         LINE#         39
  C:5249H         LINE#         40
  C:524CH         LINE#         41
  C:524FH         LINE#         42
  C:5252H         LINE#         43
  C:525BH         LINE#         44
  C:525EH         LINE#         45
  C:5260H         LINE#         46
  C:5262H         LINE#         47
  C:5264H         LINE#         48
  C:5266H         LINE#         49
  C:5266H         LINE#         50
  C:5269H         LINE#         51
  C:526CH         LINE#         52
  C:5275H         LINE#         53
  C:5278H         LINE#         54
  C:527BH         LINE#         55
  C:527EH         LINE#         56
  C:5281H         LINE#         57
  C:5283H         LINE#         58
  C:5283H         LINE#         59
  C:5286H         LINE#         60
BL51 BANKED LINKER/LOCATER V6.22.2.0                                                  01/20/2022  17:48:15  PAGE 11


  C:528FH         LINE#         61
  C:5292H         LINE#         62
  C:5295H         LINE#         63
  C:5298H         LINE#         64
  C:529BH         LINE#         65
  C:529DH         LINE#         66
  C:529DH         LINE#         67
  C:52A0H         LINE#         68
  C:52A9H         LINE#         69
  C:52ACH         LINE#         70
  C:52AFH         LINE#         71
  C:52B2H         LINE#         72
  C:52B5H         LINE#         73
  C:52B5H         LINE#         74
  C:52B5H         LINE#         75
  C:52B7H         LINE#         76
  -------         ENDPROC       _UARTINIT
  -------         PROC          _UARTREAD
  D:0001H         SYMBOL        uart
  D:0005H         SYMBOL        buff
  C:5ACEH         LINE#         82
  C:5ACEH         LINE#         83
  C:5ACEH         LINE#         84
  C:5AD6H         LINE#         85
  C:5ADFH         LINE#         86
  -------         ENDPROC       _UARTREAD
  -------         PROC          _UARTREADTIME
  D:0001H         SYMBOL        uart
  C:59BEH         LINE#         93
  C:59BEH         LINE#         94
  C:59BEH         LINE#         95
  C:59C6H         LINE#         96
  C:59C6H         LINE#         97
  C:59D0H         LINE#         98
  C:59DFH         LINE#         99
  C:59DFH         LINE#         100
  C:59E7H         LINE#         101
  C:59F0H         LINE#         102
  C:59F7H         LINE#         103
  C:59F7H         LINE#         104
  C:59F7H         LINE#         105
  -------         ENDPROC       _UARTREADTIME
  -------         PROC          _UARTWRITECHAR
  D:0001H         SYMBOL        uart
  D:0005H         SYMBOL        str
  C:5A67H         LINE#         107
  C:5A67H         LINE#         108
  C:5A67H         LINE#         109
  C:5A69H         LINE#         110
  C:5A7AH         LINE#         111
  C:5A7AH         LINE#         112
  C:5A7AH         LINE#         113
  C:5A7CH         LINE#         114
  C:5A7EH         LINE#         115
  C:5A7EH         LINE#         116
  C:5A80H         LINE#         117
  C:5A82H         LINE#         118
BL51 BANKED LINKER/LOCATER V6.22.2.0                                                  01/20/2022  17:48:15  PAGE 12


  C:5A82H         LINE#         119
  C:5A84H         LINE#         120
  C:5A86H         LINE#         121
  C:5A86H         LINE#         122
  C:5A8AH         LINE#         123
  C:5A8AH         LINE#         124
  C:5A8AH         LINE#         125
  C:5A92H         LINE#         126
  C:5A99H         LINE#         127
  C:5A9BH         LINE#         128
  -------         ENDPROC       _UARTWRITECHAR
  -------         PROC          _?UARTWRITESTRING
  p:0000H         SYMBOL        uart
  p:0003H         SYMBOL        string
  C:58EDH         LINE#         130
  C:58FDH         LINE#         132
  C:5910H         LINE#         133
  C:5910H         LINE#         134
  C:591DH         LINE#         135
  C:592DH         LINE#         136
  C:592FH         LINE#         137
  -------         ENDPROC       _?UARTWRITESTRING
  -------         PROC          _?UARTWRITEBUFFE
  p:0001H         SYMBOL        uartID
  p:0004H         SYMBOL        uart
  -------         DO            
  p:0000H         SYMBOL        i
  -------         ENDDO         
  C:574DH         LINE#         139
  C:575FH         LINE#         141
  C:5763H         LINE#         142
  C:5780H         LINE#         143
  C:5780H         LINE#         144
  C:57B6H         LINE#         145
  C:57BDH         LINE#         146
  -------         ENDPROC       _?UARTWRITEBUFFE
  -------         PROC          UARTREAD1
  C:0026H         LINE#         148
  C:0043H         LINE#         150
  C:0045H         LINE#         151
  C:0047H         LINE#         152
  C:004AH         LINE#         153
  C:004AH         LINE#         154
  C:004CH         LINE#         155
  C:0051H         LINE#         156
  C:0051H         LINE#         157
  C:0054H         LINE#         158
  C:0054H         LINE#         159
  C:0056H         LINE#         160
  C:0071H         LINE#         161
  C:0071H         LINE#         162
  C:0073H         LINE#         163
  C:0075H         LINE#         164
  -------         ENDPROC       UARTREAD1
  -------         PROC          UARTREAD4
  C:57C4H         LINE#         194
  C:57E1H         LINE#         196
BL51 BANKED LINKER/LOCATER V6.22.2.0                                                  01/20/2022  17:48:15  PAGE 13


  C:57E6H         LINE#         197
  C:57E6H         LINE#         198
  C:57E9H         LINE#         199
  C:57EEH         LINE#         200
  C:57EEH         LINE#         201
  C:57F3H         LINE#         202
  C:57F3H         LINE#         203
  C:57F6H         LINE#         204
  C:5811H         LINE#         205
  C:5811H         LINE#         206
  -------         ENDPROC       UARTREAD4
  -------         ENDMOD        UART

  -------         MODULE        SYSTEM
  C:0000H         SYMBOL        _ICE_DUMMY_
  D:0080H         PUBLIC        P0
  D:0090H         PUBLIC        P1
  D:00A0H         PUBLIC        P2
  D:00B0H         PUBLIC        P3
  D:00C0H         PUBLIC        P4
  D:00C8H         PUBLIC        P5
  D:00A8H         PUBLIC        IE
  D:00B8H         PUBLIC        IP
  D:0098H         PUBLIC        SCON
  D:0088H         PUBLIC        TCON
  D:00D0H         PUBLIC        PSW
  -------         ENDMOD        SYSTEM

  -------         MODULE        ST7789V
  C:0000H         SYMBOL        _ICE_DUMMY_
  D:0080H         PUBLIC        P0
  D:0090H         PUBLIC        P1
  D:00A0H         PUBLIC        P2
  B:00C8H.0       PUBLIC        LCDSCLK
  D:00B0H         PUBLIC        P3
  D:00C0H         PUBLIC        P4
  C:5B00H         PUBLIC        Delay1ms
  X:01C5H         PUBLIC        Lcd_Power
  D:00C8H         PUBLIC        P5
  B:00B0H.3       PUBLIC        LCDMOSI
  D:00A8H         PUBLIC        IE
  D:00B8H         PUBLIC        IP
  C:5B1DH         PUBLIC        _LCD_Write_Data
  C:5B9CH         PUBLIC        _LCD_RES
  D:0098H         PUBLIC        SCON
  D:0088H         PUBLIC        TCON
  C:0003H         PUBLIC        _LCD_Write_Cmd
  B:00B0H.4       PUBLIC        LCD_DC
  C:5A31H         PUBLIC        _LCD_Addr_Set
  B:00C0H.0       PUBLIC        LCDRES
  C:5B53H         PUBLIC        _LCD_Write_Word
  X:01CEH         PUBLIC        LcdSpi
  C:5B96H         PUBLIC        _LCD_POWER
  C:5B90H         PUBLIC        _LCD_BACK
  C:4B95H         PUBLIC        LCD_Init
  C:5B7EH         PUBLIC        _LCD_CS
  C:59F8H         PUBLIC        LcdSpiInit
BL51 BANKED LINKER/LOCATER V6.22.2.0                                                  01/20/2022  17:48:15  PAGE 14


  C:5B8AH         PUBLIC        _LCD_SCLK
  B:00A0H.0       PUBLIC        LCDPOWER
  B:00A0H.1       PUBLIC        LCDBACK
  B:00C8H.1       PUBLIC        LCDCS
  C:5B84H         PUBLIC        _LCD_MOSI
  D:00D0H         PUBLIC        PSW
  -------         PROC          L?0027
  -------         ENDPROC       L?0027
  -------         PROC          DELAY1MS
  -------         DO            
  X:0238H         SYMBOL        i
  X:0239H         SYMBOL        j
  -------         ENDDO         
  C:5B00H         LINE#         6
  C:5B00H         LINE#         7
  C:5B00H         LINE#         10
  C:5B01H         LINE#         11
  C:5B02H         LINE#         12
  C:5B08H         LINE#         13
  C:5B0CH         LINE#         15
  C:5B0CH         LINE#         16
  C:5B14H         LINE#         17
  C:5B1CH         LINE#         18
  -------         ENDPROC       DELAY1MS
  -------         PROC          _LCD_CS
  D:0007H         SYMBOL        dat
  C:5B7EH         LINE#         20
  C:5B7EH         LINE#         21
  C:5B7EH         LINE#         22
  C:5B83H         LINE#         23
  -------         ENDPROC       _LCD_CS
  -------         PROC          _LCD_MOSI
  D:0007H         SYMBOL        dat
  C:5B84H         LINE#         24
  C:5B84H         LINE#         25
  C:5B84H         LINE#         26
  C:5B89H         LINE#         27
  -------         ENDPROC       _LCD_MOSI
  -------         PROC          _LCD_SCLK
  D:0007H         SYMBOL        dat
  C:5B8AH         LINE#         28
  C:5B8AH         LINE#         29
  C:5B8AH         LINE#         30
  C:5B8FH         LINE#         31
  -------         ENDPROC       _LCD_SCLK
  -------         PROC          _LCD_BACK
  D:0007H         SYMBOL        dat
  C:5B90H         LINE#         32
  C:5B90H         LINE#         33
  C:5B90H         LINE#         34
  C:5B95H         LINE#         35
  -------         ENDPROC       _LCD_BACK
  -------         PROC          _LCD_POWER
  D:0007H         SYMBOL        dat
  C:5B96H         LINE#         36
  C:5B96H         LINE#         37
  C:5B96H         LINE#         38
BL51 BANKED LINKER/LOCATER V6.22.2.0                                                  01/20/2022  17:48:15  PAGE 15


  C:5B9BH         LINE#         39
  -------         ENDPROC       _LCD_POWER
  -------         PROC          _LCD_RES
  D:0007H         SYMBOL        dat
  C:5B9CH         LINE#         40
  C:5B9CH         LINE#         41
  C:5B9CH         LINE#         42
  C:5BA1H         LINE#         43
  -------         ENDPROC       _LCD_RES
  -------         PROC          LCDSPIINIT
  C:59F8H         LINE#         45
  C:59F8H         LINE#         46
  C:59F8H         LINE#         47
  C:5A06H         LINE#         48
  C:5A14H         LINE#         49
  C:5A22H         LINE#         50
  C:5A30H         LINE#         51
  -------         ENDPROC       LCDSPIINIT
  -------         PROC          _LCD_WRITE_DATA
  D:0007H         SYMBOL        dat
  C:5B1DH         LINE#         53
  C:5B1DH         LINE#         54
  C:5B1DH         LINE#         55
  -------         ENDPROC       _LCD_WRITE_DATA
  C:5B4EH         SYMBOL        L?0026
  -------         PROC          L?0025
  -------         ENDPROC       L?0025
  C:5B4EH         SYMBOL        L?0026
  -------         PROC          _LCD_WRITE_WORD
  X:0055H         SYMBOL        dat
  C:5B53H         LINE#         58
  C:5B5AH         LINE#         59
  C:5B5AH         LINE#         60
  C:5B5DH         LINE#         61
  -------         ENDPROC       _LCD_WRITE_WORD
  -------         PROC          _LCD_WRITE_CMD
  D:0007H         SYMBOL        cmd
  C:0003H         LINE#         64
  C:0003H         LINE#         65
  C:0003H         LINE#         66
  C:0005H         LINE#         67
  C:0008H         LINE#         68
  C:000AH         LINE#         69
  -------         ENDPROC       _LCD_WRITE_CMD
  -------         PROC          _LCD_ADDR_SET
  X:0057H         SYMBOL        x1
  X:0059H         SYMBOL        y1
  X:005BH         SYMBOL        x2
  X:005DH         SYMBOL        y2
  C:5A31H         LINE#         71
  C:5A44H         LINE#         72
  C:5A44H         LINE#         73
  C:5A49H         LINE#         74
  C:5A4EH         LINE#         75
  C:5A53H         LINE#         76
  C:5A58H         LINE#         77
  C:5A5DH         LINE#         78
BL51 BANKED LINKER/LOCATER V6.22.2.0                                                  01/20/2022  17:48:15  PAGE 16


  C:5A62H         LINE#         79
  -------         ENDPROC       _LCD_ADDR_SET
  -------         PROC          LCD_INIT
  C:4B95H         LINE#         82
  C:4B95H         LINE#         83
  C:4B95H         LINE#         84
  C:4BA3H         LINE#         85
  C:4BA6H         LINE#         86
  C:4BB4H         LINE#         87
  C:4BB7H         LINE#         88
  C:4BCAH         LINE#         89
  C:4BCDH         LINE#         90
  C:4BD2H         LINE#         91
  C:4BD5H         LINE#         95
  C:4BDAH         LINE#         96
  C:4BDFH         LINE#         97
  C:4BDFH         LINE#         98
  C:4BDFH         LINE#         99
  C:4BDFH         LINE#         100
  C:4BE4H         LINE#         101
  C:4BE9H         LINE#         104
  C:4BEEH         LINE#         105
  C:4BF3H         LINE#         106
  C:4BF8H         LINE#         107
  C:4BFDH         LINE#         108
  C:4C02H         LINE#         109
  C:4C07H         LINE#         110
  C:4C0CH         LINE#         111
  C:4C11H         LINE#         114
  C:4C16H         LINE#         115
  C:4C1BH         LINE#         116
  C:4C20H         LINE#         117
  C:4C25H         LINE#         118
  C:4C2AH         LINE#         119
  C:4C2FH         LINE#         120
  C:4C34H         LINE#         121
  C:4C39H         LINE#         122
  C:4C3EH         LINE#         123
  C:4C43H         LINE#         124
  C:4C48H         LINE#         125
  C:4C4DH         LINE#         126
  C:4C52H         LINE#         127
  C:4C57H         LINE#         128
  C:4C5CH         LINE#         129
  C:4C61H         LINE#         130
  C:4C66H         LINE#         131
  C:4C6BH         LINE#         132
  C:4C70H         LINE#         133
  C:4C75H         LINE#         134
  C:4C7AH         LINE#         136
  C:4C7FH         LINE#         137
  C:4C84H         LINE#         138
  C:4C89H         LINE#         139
  C:4C8EH         LINE#         140
  C:4C93H         LINE#         141
  C:4C98H         LINE#         142
  C:4C9DH         LINE#         143
BL51 BANKED LINKER/LOCATER V6.22.2.0                                                  01/20/2022  17:48:15  PAGE 17


  C:4CA2H         LINE#         144
  C:4CA7H         LINE#         145
  C:4CACH         LINE#         146
  C:4CB1H         LINE#         147
  C:4CB6H         LINE#         148
  C:4CBBH         LINE#         149
  C:4CC0H         LINE#         150
  C:4CC5H         LINE#         151
  C:4CCAH         LINE#         152
  C:4CCFH         LINE#         153
  C:4CD4H         LINE#         154
  C:4CD9H         LINE#         155
  C:4CDEH         LINE#         156
  C:4CE3H         LINE#         157
  C:4CE8H         LINE#         158
  C:4CEDH         LINE#         159
  C:4CF2H         LINE#         160
  C:4CF7H         LINE#         161
  C:4CFCH         LINE#         162
  C:4D01H         LINE#         163
  C:4D06H         LINE#         164
  C:4D0BH         LINE#         165
  C:4D10H         LINE#         166
  -------         ENDPROC       LCD_INIT
  -------         ENDMOD        ST7789V

  -------         MODULE        SPI
  C:0000H         SYMBOL        _ICE_DUMMY_
  D:0080H         PUBLIC        P0
  D:0090H         PUBLIC        P1
  D:00A0H         PUBLIC        P2
  D:00B0H         PUBLIC        P3
  D:00C0H         PUBLIC        P4
  D:00C8H         PUBLIC        P5
  D:00A8H         PUBLIC        IE
  D:00B8H         PUBLIC        IP
  D:0098H         PUBLIC        SCON
  D:0088H         PUBLIC        TCON
  C:52B8H         PUBLIC        _SpiWrite
  D:00D0H         PUBLIC        PSW
  -------         PROC          _SPIWRITE
  X:005FH         SYMBOL        spi
  X:0062H         SYMBOL        dat
  -------         DO            
  X:0063H         SYMBOL        i
  -------         ENDDO         
  C:52B8H         LINE#         3
  C:52C6H         LINE#         4
  C:52C6H         LINE#         6
  C:52D2H         LINE#         7
  C:52D6H         LINE#         8
  C:52D6H         LINE#         9
  C:52EFH         LINE#         10
  C:52F7H         LINE#         11
  C:530DH         LINE#         13
  C:5324H         LINE#         14
  C:533DH         LINE#         15
BL51 BANKED LINKER/LOCATER V6.22.2.0                                                  01/20/2022  17:48:15  PAGE 18


  C:5344H         LINE#         16
  C:534EH         LINE#         17
  -------         ENDPROC       _SPIWRITE
  -------         ENDMOD        SPI

  -------         MODULE        GUI
  C:0000H         SYMBOL        _ICE_DUMMY_
  D:0080H         PUBLIC        P0
  D:0090H         PUBLIC        P1
  D:00A0H         PUBLIC        P2
  D:00B0H         PUBLIC        P3
  D:00C0H         PUBLIC        P4
  D:00C8H         PUBLIC        P5
  D:00A8H         PUBLIC        IE
  C:348AH         PUBLIC        tfont12
  C:3728H         PUBLIC        tfont32
  C:35B6H         PUBLIC        tfont24
  C:350CH         PUBLIC        tfont16
  D:00B8H         PUBLIC        IP
  C:4D15H         PUBLIC        _GUI_DrawCircle
  C:4E87H         PUBLIC        _GUI_ShowChinese
  D:0098H         PUBLIC        SCON
  D:0088H         PUBLIC        TCON
  C:0AFAH         PUBLIC        ascii_2412
  C:0096H         PUBLIC        ascii_1206
  C:1CCAH         PUBLIC        ascii_3216
  C:050AH         PUBLIC        ascii_1608
  C:5408H         PUBLIC        _GUI_Fill
  C:49B4H         PUBLIC        _GUI_DrawLine
  C:594EH         PUBLIC        _GUI_DrawPoint
  C:55C4H         PUBLIC        _GUI_ShowString
  C:475BH         PUBLIC        _GUI_ShowChar
  C:4299H         PUBLIC        _GUI_ShowChinese12x12
  C:4034H         PUBLIC        _GUI_ShowChinese32x32
  C:5648H         PUBLIC        _GUI_DrawRectangle
  C:3DCFH         PUBLIC        _GUI_ShowChinese24x24
  C:44FAH         PUBLIC        _GUI_ShowChinese16x16
  D:00D0H         PUBLIC        PSW
  -------         PROC          _GUI_FILL
  X:0064H         SYMBOL        x1
  X:0066H         SYMBOL        y1
  X:0068H         SYMBOL        x2
  X:006AH         SYMBOL        y2
  X:006CH         SYMBOL        color
  -------         DO            
  X:022CH         SYMBOL        i
  X:022EH         SYMBOL        j
  -------         ENDDO         
  C:5408H         LINE#         5
  C:541BH         LINE#         6
  C:541BH         LINE#         8
  C:5433H         LINE#         9
  C:5455H         LINE#         10
  C:5455H         LINE#         11
  C:5477H         LINE#         12
  C:5477H         LINE#         13
  C:5481H         LINE#         14
BL51 BANKED LINKER/LOCATER V6.22.2.0                                                  01/20/2022  17:48:15  PAGE 19


  C:5491H         LINE#         15
  C:54A1H         LINE#         16
  -------         ENDPROC       _GUI_FILL
  C:5937H         SYMBOL        L?0191
  C:5946H         SYMBOL        L?0192
  C:5949H         SYMBOL        L?0193
  -------         PROC          L?0190
  -------         ENDPROC       L?0190
  C:5937H         SYMBOL        L?0191
  C:5946H         SYMBOL        L?0192
  C:5949H         SYMBOL        L?0193
  -------         PROC          _GUI_DRAWPOINT
  X:006EH         SYMBOL        x1
  D:0082H         SYMBOL        y1
  X:0070H         SYMBOL        color
  C:594EH         LINE#         18
  C:595FH         LINE#         19
  C:595FH         LINE#         20
  C:5975H         LINE#         21
  -------         ENDPROC       _GUI_DRAWPOINT
  C:4992H         SYMBOL        L?0195
  -------         PROC          L?0194
  -------         ENDPROC       L?0194
  C:4992H         SYMBOL        L?0195
  -------         PROC          _GUI_DRAWLINE
  X:0072H         SYMBOL        x1
  X:0074H         SYMBOL        y1
  D:0002H         SYMBOL        x2
  X:0078H         SYMBOL        y2
  X:007AH         SYMBOL        color
  -------         DO            
  X:01DAH         SYMBOL        t
  X:01DCH         SYMBOL        xerr
  X:01DEH         SYMBOL        yerr
  X:01E0H         SYMBOL        delta_x
  X:01E2H         SYMBOL        delta_y
  X:01E4H         SYMBOL        distance
  X:01E6H         SYMBOL        incx
  X:01E8H         SYMBOL        incy
  X:01EAH         SYMBOL        uRow
  X:01ECH         SYMBOL        uCol
  -------         ENDDO         
  C:49B4H         LINE#         24
  C:49C1H         LINE#         25
  C:49C1H         LINE#         27
  C:49CCH         LINE#         29
  C:49DEH         LINE#         30
  C:49F2H         LINE#         31
  C:4A00H         LINE#         32
  C:4A06H         LINE#         33
  C:4A18H         LINE#         34
  C:4A22H         LINE#         35
  C:4A26H         LINE#         36
  C:4A2EH         LINE#         38
  C:4A2EH         LINE#         39
  C:4A36H         LINE#         40
  C:4A43H         LINE#         41
BL51 BANKED LINKER/LOCATER V6.22.2.0                                                  01/20/2022  17:48:15  PAGE 20


  C:4A43H         LINE#         42
  C:4A55H         LINE#         43
  C:4A5FH         LINE#         44
  C:4A63H         LINE#         45
  C:4A6BH         LINE#         47
  C:4A6BH         LINE#         48
  C:4A73H         LINE#         49
  C:4A80H         LINE#         50
  C:4A80H         LINE#         51
  C:4A9FH         LINE#         52
  C:4AA6H         LINE#         54
  C:4AABH         LINE#         55
  C:4AD0H         LINE#         56
  C:4AD0H         LINE#         57
  C:4AE3H         LINE#         58
  C:4AF7H         LINE#         59
  C:4B0BH         LINE#         60
  C:4B27H         LINE#         61
  C:4B27H         LINE#         62
  C:4B33H         LINE#         63
  C:4B47H         LINE#         64
  C:4B47H         LINE#         65
  C:4B63H         LINE#         66
  C:4B63H         LINE#         67
  C:4B6FH         LINE#         68
  C:4B83H         LINE#         69
  C:4B83H         LINE#         70
  C:4B94H         LINE#         71
  -------         ENDPROC       _GUI_DRAWLINE
  -------         PROC          _GUI_DRAWRECTANGLE
  X:007CH         SYMBOL        x1
  X:007EH         SYMBOL        y1
  X:0080H         SYMBOL        x2
  X:0082H         SYMBOL        y2
  X:0084H         SYMBOL        color
  C:5648H         LINE#         73
  C:565CH         LINE#         74
  C:565CH         LINE#         75
  C:5666H         LINE#         76
  C:567BH         LINE#         77
  C:5693H         LINE#         78
  -------         ENDPROC       _GUI_DRAWRECTANGLE
  -------         PROC          _GUI_DRAWCIRCLE
  X:0086H         SYMBOL        x1
  X:0088H         SYMBOL        y1
  X:008AH         SYMBOL        r
  X:008BH         SYMBOL        color
  -------         DO            
  X:0230H         SYMBOL        a
  X:0232H         SYMBOL        b
  -------         ENDDO         
  C:4D15H         LINE#         81
  C:4D25H         LINE#         82
  C:4D25H         LINE#         84
  C:4D2CH         LINE#         85
  C:4D34H         LINE#         86
  C:4D52H         LINE#         87
BL51 BANKED LINKER/LOCATER V6.22.2.0                                                  01/20/2022  17:48:15  PAGE 21


  C:4D52H         LINE#         88
  C:4D5EH         LINE#         89
  C:4D74H         LINE#         90
  C:4D97H         LINE#         91
  C:4DABH         LINE#         92
  C:4DCFH         LINE#         93
  C:4DE2H         LINE#         94
  C:4E04H         LINE#         95
  C:4E29H         LINE#         96
  C:4E37H         LINE#         97
  C:4E75H         LINE#         98
  C:4E75H         LINE#         99
  C:4E83H         LINE#         100
  C:4E83H         LINE#         101
  C:4E86H         LINE#         102
  -------         ENDPROC       _GUI_DRAWCIRCLE
  -------         PROC          _GUI_SHOWCHINESE
  X:008DH         SYMBOL        x
  X:008FH         SYMBOL        y
  X:0091H         SYMBOL        s
  X:0094H         SYMBOL        fc
  X:0096H         SYMBOL        bc
  X:0098H         SYMBOL        sizey
  X:0099H         SYMBOL        mode
  C:4E87H         LINE#         114
  C:4E9DH         LINE#         115
  C:4E9DH         LINE#         116
  C:4EAFH         LINE#         117
  C:4EAFH         LINE#         118
  C:4EB6H         LINE#         119
  C:4EF0H         LINE#         120
  C:4EF7H         LINE#         121
  C:4F39H         LINE#         122
  C:4F40H         LINE#         123
  C:4F81H         LINE#         124
  C:4F88H         LINE#         125
  C:4FC7H         LINE#         128
  C:4FD2H         LINE#         129
  C:4FE0H         LINE#         130
  C:4FE3H         LINE#         131
  -------         ENDPROC       _GUI_SHOWCHINESE
  -------         PROC          _GUI_SHOWCHINESE12X12
  X:009AH         SYMBOL        x
  X:009CH         SYMBOL        y
  X:009EH         SYMBOL        s
  X:00A1H         SYMBOL        fc
  X:00A3H         SYMBOL        bc
  X:00A5H         SYMBOL        sizey
  X:00A6H         SYMBOL        mode
  -------         DO            
  X:01EEH         SYMBOL        i
  X:01EFH         SYMBOL        j
  X:01F0H         SYMBOL        m
  X:01F1H         SYMBOL        k
  X:01F3H         SYMBOL        HZnum
  X:01F5H         SYMBOL        TypefaceNum
  X:01F7H         SYMBOL        x0
BL51 BANKED LINKER/LOCATER V6.22.2.0                                                  01/20/2022  17:48:15  PAGE 22


  -------         ENDDO         
  C:4299H         LINE#         143
  C:42B0H         LINE#         144
  C:42B0H         LINE#         145
  C:42B5H         LINE#         149
  C:42BDH         LINE#         150
  C:42EDH         LINE#         152
  C:42F6H         LINE#         153
  C:4316H         LINE#         154
  C:4316H         LINE#         155
  C:4365H         LINE#         156
  C:4365H         LINE#         157
  C:43A2H         LINE#         158
  C:43BDH         LINE#         159
  C:43BDH         LINE#         160
  C:43C2H         LINE#         161
  C:43C2H         LINE#         162
  C:43C7H         LINE#         163
  C:43C7H         LINE#         164
  C:4411H         LINE#         165
  C:4415H         LINE#         167
  C:441FH         LINE#         168
  C:4425H         LINE#         169
  C:4434H         LINE#         170
  C:4434H         LINE#         171
  C:4435H         LINE#         172
  C:4438H         LINE#         173
  C:4438H         LINE#         174
  C:4438H         LINE#         176
  C:4438H         LINE#         177
  C:4482H         LINE#         178
  C:4494H         LINE#         179
  C:449FH         LINE#         180
  C:44BCH         LINE#         181
  C:44BCH         LINE#         182
  C:44C3H         LINE#         183
  C:44CEH         LINE#         184
  C:44D0H         LINE#         185
  C:44D0H         LINE#         186
  C:44D0H         LINE#         187
  C:44DFH         LINE#         188
  C:44E8H         LINE#         189
  C:44E8H         LINE#         190
  C:44E8H         LINE#         191
  C:44F9H         LINE#         192
  -------         ENDPROC       _GUI_SHOWCHINESE12X12
  -------         PROC          _GUI_SHOWCHINESE16X16
  X:00A7H         SYMBOL        x
  X:00A9H         SYMBOL        y
  X:00ABH         SYMBOL        s
  X:00AEH         SYMBOL        fc
  X:00B0H         SYMBOL        bc
  X:00B2H         SYMBOL        sizey
  X:00B3H         SYMBOL        mode
  -------         DO            
  X:01F9H         SYMBOL        i
  X:01FAH         SYMBOL        j
BL51 BANKED LINKER/LOCATER V6.22.2.0                                                  01/20/2022  17:48:15  PAGE 23


  X:01FBH         SYMBOL        m
  X:01FCH         SYMBOL        k
  X:01FEH         SYMBOL        HZnum
  X:0200H         SYMBOL        TypefaceNum
  X:0202H         SYMBOL        x0
  -------         ENDDO         
  C:44FAH         LINE#         204
  C:4511H         LINE#         205
  C:4511H         LINE#         206
  C:4516H         LINE#         210
  C:451EH         LINE#         211
  C:454EH         LINE#         212
  C:4557H         LINE#         213
  C:4577H         LINE#         214
  C:4577H         LINE#         215
  C:45C6H         LINE#         216
  C:45C6H         LINE#         217
  C:4603H         LINE#         218
  C:461EH         LINE#         219
  C:461EH         LINE#         220
  C:4623H         LINE#         221
  C:4623H         LINE#         222
  C:4628H         LINE#         223
  C:4628H         LINE#         224
  C:4672H         LINE#         225
  C:4676H         LINE#         227
  C:4680H         LINE#         228
  C:4686H         LINE#         229
  C:4695H         LINE#         230
  C:4695H         LINE#         231
  C:4696H         LINE#         232
  C:4699H         LINE#         233
  C:4699H         LINE#         234
  C:4699H         LINE#         236
  C:4699H         LINE#         237
  C:46E3H         LINE#         238
  C:46F5H         LINE#         239
  C:4700H         LINE#         240
  C:471DH         LINE#         241
  C:471DH         LINE#         242
  C:4724H         LINE#         243
  C:472FH         LINE#         244
  C:4731H         LINE#         245
  C:4731H         LINE#         246
  C:4731H         LINE#         247
  C:4740H         LINE#         248
  C:4749H         LINE#         249
  C:4749H         LINE#         250
  C:4749H         LINE#         251
  C:475AH         LINE#         252
  -------         ENDPROC       _GUI_SHOWCHINESE16X16
  -------         PROC          _GUI_SHOWCHINESE24X24
  X:00B4H         SYMBOL        x
  X:00B6H         SYMBOL        y
  X:00B8H         SYMBOL        s
  X:00BBH         SYMBOL        fc
  X:00BDH         SYMBOL        bc
BL51 BANKED LINKER/LOCATER V6.22.2.0                                                  01/20/2022  17:48:15  PAGE 24


  X:00BFH         SYMBOL        sizey
  X:00C0H         SYMBOL        mode
  -------         DO            
  X:0204H         SYMBOL        i
  X:0205H         SYMBOL        j
  X:0206H         SYMBOL        m
  X:0207H         SYMBOL        k
  X:0209H         SYMBOL        HZnum
  X:020BH         SYMBOL        TypefaceNum
  X:020DH         SYMBOL        x0
  -------         ENDDO         
  C:3DCFH         LINE#         264
  C:3DE6H         LINE#         265
  C:3DE6H         LINE#         266
  C:3DEBH         LINE#         270
  C:3DF3H         LINE#         271
  C:3E23H         LINE#         272
  C:3E2CH         LINE#         273
  C:3E4CH         LINE#         274
  C:3E4CH         LINE#         275
  C:3E9BH         LINE#         276
  C:3E9BH         LINE#         277
  C:3ED8H         LINE#         278
  C:3EF3H         LINE#         279
  C:3EF3H         LINE#         280
  C:3F05H         LINE#         281
  C:3F05H         LINE#         282
  C:3F0AH         LINE#         283
  C:3F0AH         LINE#         284
  C:3F50H         LINE#         285
  C:3F54H         LINE#         287
  C:3F5EH         LINE#         288
  C:3F64H         LINE#         289
  C:3F73H         LINE#         290
  C:3F73H         LINE#         291
  C:3F74H         LINE#         292
  C:3F77H         LINE#         293
  C:3F77H         LINE#         294
  C:3F77H         LINE#         296
  C:3F77H         LINE#         297
  C:3FC2H         LINE#         298
  C:3FD4H         LINE#         299
  C:3FDFH         LINE#         300
  C:3FFCH         LINE#         301
  C:3FFCH         LINE#         302
  C:4003H         LINE#         303
  C:400EH         LINE#         304
  C:4010H         LINE#         305
  C:4010H         LINE#         306
  C:4010H         LINE#         307
  C:4019H         LINE#         308
  C:4022H         LINE#         309
  C:4022H         LINE#         310
  C:4022H         LINE#         311
  C:4033H         LINE#         312
  -------         ENDPROC       _GUI_SHOWCHINESE24X24
  -------         PROC          _GUI_SHOWCHINESE32X32
BL51 BANKED LINKER/LOCATER V6.22.2.0                                                  01/20/2022  17:48:15  PAGE 25


  X:00C1H         SYMBOL        x
  X:00C3H         SYMBOL        y
  X:00C5H         SYMBOL        s
  X:00C8H         SYMBOL        fc
  X:00CAH         SYMBOL        bc
  X:00CCH         SYMBOL        sizey
  X:00CDH         SYMBOL        mode
  -------         DO            
  X:020FH         SYMBOL        i
  X:0210H         SYMBOL        j
  X:0211H         SYMBOL        m
  X:0212H         SYMBOL        k
  X:0214H         SYMBOL        HZnum
  X:0216H         SYMBOL        TypefaceNum
  X:0218H         SYMBOL        x0
  -------         ENDDO         
  C:4034H         LINE#         324
  C:404BH         LINE#         325
  C:404BH         LINE#         326
  C:4050H         LINE#         330
  C:4058H         LINE#         331
  C:4088H         LINE#         332
  C:4091H         LINE#         333
  C:40B1H         LINE#         334
  C:40B1H         LINE#         335
  C:4100H         LINE#         336
  C:4100H         LINE#         337
  C:413DH         LINE#         338
  C:4158H         LINE#         339
  C:4158H         LINE#         340
  C:416AH         LINE#         341
  C:416AH         LINE#         342
  C:416FH         LINE#         343
  C:416FH         LINE#         344
  C:41B5H         LINE#         345
  C:41B9H         LINE#         347
  C:41C3H         LINE#         348
  C:41C9H         LINE#         349
  C:41D8H         LINE#         350
  C:41D8H         LINE#         351
  C:41D9H         LINE#         352
  C:41DCH         LINE#         353
  C:41DCH         LINE#         354
  C:41DCH         LINE#         356
  C:41DCH         LINE#         357
  C:4227H         LINE#         358
  C:4239H         LINE#         359
  C:4244H         LINE#         360
  C:4261H         LINE#         361
  C:4261H         LINE#         362
  C:4268H         LINE#         363
  C:4273H         LINE#         364
  C:4275H         LINE#         365
  C:4275H         LINE#         366
  C:4275H         LINE#         367
  C:427EH         LINE#         368
  C:4287H         LINE#         369
BL51 BANKED LINKER/LOCATER V6.22.2.0                                                  01/20/2022  17:48:15  PAGE 26


  C:4287H         LINE#         370
  C:4287H         LINE#         371
  C:4298H         LINE#         372
  -------         ENDPROC       _GUI_SHOWCHINESE32X32
  -------         PROC          _GUI_SHOWCHAR
  X:00CEH         SYMBOL        x
  X:00D0H         SYMBOL        y
  X:00D2H         SYMBOL        num
  X:00D3H         SYMBOL        fc
  X:00D5H         SYMBOL        bc
  X:00D7H         SYMBOL        sizey
  X:00D8H         SYMBOL        mode
  -------         DO            
  X:021AH         SYMBOL        temp
  X:021BH         SYMBOL        sizex
  X:021CH         SYMBOL        t
  X:021DH         SYMBOL        m
  X:021EH         SYMBOL        i
  X:0220H         SYMBOL        TypefaceNum
  X:0222H         SYMBOL        x0
  -------         ENDDO         
  C:475BH         LINE#         384
  C:476CH         LINE#         385
  C:476CH         LINE#         386
  C:4771H         LINE#         388
  C:4779H         LINE#         389
  C:4783H         LINE#         390
  C:47AFH         LINE#         391
  C:47B5H         LINE#         392
  C:47F2H         LINE#         393
  C:4812H         LINE#         394
  C:4812H         LINE#         395
  C:4819H         LINE#         396
  C:4834H         LINE#         397
  C:4838H         LINE#         398
  C:485BH         LINE#         399
  C:485FH         LINE#         400
  C:4882H         LINE#         401
  C:488AH         LINE#         402
  C:48B3H         LINE#         405
  C:48C5H         LINE#         406
  C:48C5H         LINE#         407
  C:48CAH         LINE#         408
  C:48CAH         LINE#         409
  C:48E3H         LINE#         410
  C:48E7H         LINE#         412
  C:48F1H         LINE#         413
  C:48F7H         LINE#         414
  C:4907H         LINE#         415
  C:4907H         LINE#         416
  C:4908H         LINE#         417
  C:490AH         LINE#         418
  C:490AH         LINE#         419
  C:490AH         LINE#         421
  C:490AH         LINE#         422
  C:4929H         LINE#         423
  C:493BH         LINE#         424
BL51 BANKED LINKER/LOCATER V6.22.2.0                                                  01/20/2022  17:48:15  PAGE 27


  C:4946H         LINE#         425
  C:4964H         LINE#         426
  C:4964H         LINE#         427
  C:4969H         LINE#         428
  C:4974H         LINE#         429
  C:4976H         LINE#         430
  C:4976H         LINE#         431
  C:4976H         LINE#         432
  C:497FH         LINE#         433
  C:4990H         LINE#         434
  -------         ENDPROC       _GUI_SHOWCHAR
  -------         PROC          _GUI_SHOWSTRING
  X:00D9H         SYMBOL        x
  X:00DBH         SYMBOL        y
  X:00DDH         SYMBOL        p
  X:00E0H         SYMBOL        fc
  X:00E2H         SYMBOL        bc
  X:00E4H         SYMBOL        sizey
  X:00E5H         SYMBOL        mode
  C:55C4H         LINE#         446
  C:55DAH         LINE#         447
  C:55DAH         LINE#         448
  C:55EAH         LINE#         449
  C:55EAH         LINE#         450
  C:562AH         LINE#         451
  C:563AH         LINE#         452
  C:5645H         LINE#         453
  C:5647H         LINE#         454
  -------         ENDPROC       _GUI_SHOWSTRING
  -------         ENDMOD        GUI

  -------         MODULE        TIME
  C:0000H         SYMBOL        _ICE_DUMMY_
  D:0080H         PUBLIC        P0
  D:0090H         PUBLIC        P1
  D:00A0H         PUBLIC        P2
  D:00B0H         PUBLIC        P3
  D:00C0H         PUBLIC        P4
  D:00C8H         PUBLIC        P5
  B:00A8H.7       PUBLIC        EA
  D:00A8H         PUBLIC        IE
  D:00B8H         PUBLIC        IP
  X:0234H         PUBLIC        times
  C:000EH         PUBLIC        TimeInit
  D:0098H         PUBLIC        SCON
  D:0089H         PUBLIC        TMOD
  D:0088H         PUBLIC        TCON
  C:5364H         PUBLIC        Time0
  X:0236H         PUBLIC        timesindex
  D:008EH         PUBLIC        AUXR
  B:00A8H.1       PUBLIC        ET0
  B:0088H.5       PUBLIC        TF0
  D:008CH         PUBLIC        TH0
  D:008AH         PUBLIC        TL0
  B:0088H.4       PUBLIC        TR0
  B:00B0H.5       PUBLIC        PWM
  D:00D0H         PUBLIC        PSW
BL51 BANKED LINKER/LOCATER V6.22.2.0                                                  01/20/2022  17:48:15  PAGE 28


  -------         PROC          TIMEINIT
  C:000EH         LINE#         7
  C:000EH         LINE#         8
  C:000EH         LINE#         9
  C:0011H         LINE#         10
  C:0014H         LINE#         11
  C:0017H         LINE#         12
  C:001AH         LINE#         13
  C:001CH         LINE#         14
  C:001EH         LINE#         15
  C:0020H         LINE#         16
  C:0022H         LINE#         17
  -------         ENDPROC       TIMEINIT
  -------         PROC          TIME0
  C:5364H         LINE#         19
  C:5381H         LINE#         21
  C:538FH         LINE#         22
  C:539FH         LINE#         23
  C:539FH         LINE#         24
  C:53ACH         LINE#         25
  C:53B0H         LINE#         27
  C:53B2H         LINE#         28
  C:53B4H         LINE#         30
  C:53BBH         LINE#         31
  C:53D4H         LINE#         32
  C:53EDH         LINE#         33
  -------         ENDPROC       TIME0
  -------         ENDMOD        TIME

  -------         MODULE        ?C?CLDPTR
  C:39B2H         PUBLIC        ?C?CLDPTR
  -------         ENDMOD        ?C?CLDPTR

  -------         MODULE        ?C?CLDOPTR
  C:39CBH         PUBLIC        ?C?CLDOPTR
  -------         ENDMOD        ?C?CLDOPTR

  -------         MODULE        ?C?CLDIOPTR
  C:39F8H         PUBLIC        ?C?CLDIOPTR
  -------         ENDMOD        ?C?CLDIOPTR

  -------         MODULE        ?C?CSTPTR
  C:3A2FH         PUBLIC        ?C?CSTPTR
  -------         ENDMOD        ?C?CSTPTR

  -------         MODULE        ?C?CSTOPTR
  C:3A41H         PUBLIC        ?C?CSTOPTR
  -------         ENDMOD        ?C?CSTOPTR

  -------         MODULE        ?C?IMUL
  C:3A63H         PUBLIC        ?C?IMUL
  -------         ENDMOD        ?C?IMUL

  -------         MODULE        ?C?ILDOPTR
  C:3A75H         PUBLIC        ?C?ILDOPTR
  -------         ENDMOD        ?C?ILDOPTR

BL51 BANKED LINKER/LOCATER V6.22.2.0                                                  01/20/2022  17:48:15  PAGE 29


  -------         MODULE        ?C?IILDOPTR
  C:3AADH         PUBLIC        ?C?IILDOPTR
  -------         ENDMOD        ?C?IILDOPTR

  -------         MODULE        ?C?ISTOPTR
  C:3AFAH         PUBLIC        ?C?ISTOPTR
  -------         ENDMOD        ?C?ISTOPTR

  -------         MODULE        ?C?ULDIV
  C:3B63H         PUBLIC        ?C?ULDIV
  -------         ENDMOD        ?C?ULDIV

  -------         MODULE        ?C?LSTOPTR
  C:3BF5H         PUBLIC        ?C?LSTOPTR
  -------         ENDMOD        ?C?LSTOPTR

  -------         MODULE        ?C?LLDOPTR0
  C:3C19H         PUBLIC        ?C?LLDOPTR0
  -------         ENDMOD        ?C?LLDOPTR0

  -------         MODULE        ?C?LSTKPDATA
  C:3C49H         PUBLIC        ?C?LSTKPDATA
  -------         ENDMOD        ?C?LSTKPDATA

  -------         MODULE        ?C?OFFXADD
  C:3C62H         PUBLIC        ?C?OFFXADD
  -------         ENDMOD        ?C?OFFXADD

  -------         MODULE        ?C?PLDPTR
  C:3C6EH         PUBLIC        ?C?PLDPTR
  -------         ENDMOD        ?C?PLDPTR

  -------         MODULE        ?C?PLDOPTR
  C:3C8EH         PUBLIC        ?C?PLDOPTR
  -------         ENDMOD        ?C?PLDOPTR

  -------         MODULE        ?C?PSTOPTR
  C:3CBEH         PUBLIC        ?C?PSTOPTR
  -------         ENDMOD        ?C?PSTOPTR

  -------         MODULE        ?C?ICALL
  C:3D17H         PUBLIC        ?C?ICALL
  C:3D1BH         PUBLIC        ?C?ICALL2
  -------         ENDMOD        ?C?ICALL

  -------         MODULE        ?C_PBP
  D:0008H         PUBLIC        ?C_PBP
  -------         ENDMOD        ?C_PBP

  -------         MODULE        ?C?IILDX
  C:3D1DH         PUBLIC        ?C?IILDX
  -------         ENDMOD        ?C?IILDX

  -------         MODULE        ?C?LLDIDATA0
  C:3D33H         PUBLIC        ?C?LLDIDATA0
  -------         ENDMOD        ?C?LLDIDATA0

BL51 BANKED LINKER/LOCATER V6.22.2.0                                                  01/20/2022  17:48:15  PAGE 30


  -------         MODULE        ?C?LLDXDATA0
  C:3D40H         PUBLIC        ?C?LLDXDATA0
  -------         ENDMOD        ?C?LLDXDATA0

  -------         MODULE        ?C?LLDPDATA0
  C:3D4CH         PUBLIC        ?C?LLDPDATA0
  -------         ENDMOD        ?C?LLDPDATA0

  -------         MODULE        ?C?LLDCODE0
  C:3D59H         PUBLIC        ?C?LLDCODE0
  -------         ENDMOD        ?C?LLDCODE0

  -------         MODULE        ?C?LSTIDATA
  C:3D69H         PUBLIC        ?C?LSTIDATA
  -------         ENDMOD        ?C?LSTIDATA

  -------         MODULE        ?C?LSTXDATA
  C:3D75H         PUBLIC        ?C?LSTXDATA
  -------         ENDMOD        ?C?LSTXDATA

  -------         MODULE        ?C?LSTPDATA
  C:3D81H         PUBLIC        ?C?LSTPDATA
  -------         ENDMOD        ?C?LSTPDATA

  -------         MODULE        ?C?PLDIDATA
  C:3D8DH         PUBLIC        ?C?PLDIDATA
  -------         ENDMOD        ?C?PLDIDATA

  -------         MODULE        ?C?PSTIDATA
  C:3D96H         PUBLIC        ?C?PSTIDATA
  -------         ENDMOD        ?C?PSTIDATA

  -------         MODULE        ?C?PLDXDATA
  C:3D9FH         PUBLIC        ?C?PLDXDATA
  -------         ENDMOD        ?C?PLDXDATA

  -------         MODULE        ?C?PSTXDATA
  C:3DA8H         PUBLIC        ?C?PSTXDATA
  -------         ENDMOD        ?C?PSTXDATA

  -------         MODULE        ?C?PLDPDATA
  C:3DB1H         PUBLIC        ?C?PLDPDATA
  -------         ENDMOD        ?C?PLDPDATA

  -------         MODULE        ?C?PSTPDATA
  C:3DBAH         PUBLIC        ?C?PSTPDATA
  -------         ENDMOD        ?C?PSTPDATA

  -------         MODULE        ?C?PLDCODE
  C:3DC3H         PUBLIC        ?C?PLDCODE
  -------         ENDMOD        ?C?PLDCODE

*** WARNING L16: UNCALLED SEGMENT, IGNORED FOR OVERLAY PROCESS
    SEGMENT: ?PR?_FINGERPOWER?FINGERPRINT

*** WARNING L16: UNCALLED SEGMENT, IGNORED FOR OVERLAY PROCESS
    SEGMENT: ?PR?FINGERREGISTERED?FINGERPRINT
BL51 BANKED LINKER/LOCATER V6.22.2.0                                                  01/20/2022  17:48:15  PAGE 31



*** WARNING L16: UNCALLED SEGMENT, IGNORED FOR OVERLAY PROCESS
    SEGMENT: ?PR?LCDSPIINIT?ST7789V

*** WARNING L16: UNCALLED SEGMENT, IGNORED FOR OVERLAY PROCESS
    SEGMENT: ?PR?LCD_INIT?ST7789V

*** WARNING L16: UNCALLED SEGMENT, IGNORED FOR OVERLAY PROCESS
    SEGMENT: ?PR?_GUI_FILL?GUI

*** WARNING L16: UNCALLED SEGMENT, IGNORED FOR OVERLAY PROCESS
    SEGMENT: ?PR?_GUI_DRAWRECTANGLE?GUI

*** WARNING L16: UNCALLED SEGMENT, IGNORED FOR OVERLAY PROCESS
    SEGMENT: ?PR?_GUI_DRAWCIRCLE?GUI

*** WARNING L16: UNCALLED SEGMENT, IGNORED FOR OVERLAY PROCESS
    SEGMENT: ?PR?_GUI_SHOWCHINESE?GUI

*** WARNING L16: UNCALLED SEGMENT, IGNORED FOR OVERLAY PROCESS
    SEGMENT: ?PR?_GUI_SHOWSTRING?GUI

Program Size: data=10.0 xdata=572 code=23455
LINK/LOCATE RUN COMPLETE.  9 WARNING(S),  0 ERROR(S)
